// Jest Snapshot v1, https://goo.gl/fbAQLP

exports[`ProductsContainer tests should render the ProductsContainer component 1`] = `
Object {
  "children": Array [
    <article
      className="sc-jRwbcX giLUud"
    >
      <a
        className="sc-fvEvSO jSMwtJ"
        href="/pizzas/Shrimp Pizza"
        onClick={[Function]}
      >
        <picture>
          <source
            srcSet="./assets/img/pizzas/pizza3.webp"
            type="image/webp"
          />
          <source
            srcSet="./assets/img/pizzas/pizza3.png"
            type="image/png"
          />
          <img
            alt="Shrimp Pizza pizza"
            className="sc-fcCDlF figEwF"
            height="250"
            src="./assets/img/pizzas/pizza3.png"
            width="250"
          />
        </picture>
        <h3
          className="sc-GKYbw gOnPJi"
        >
          Shrimp Pizza
        </h3>
      </a>
      <div
        className="sc-jNJNQp djLnsE"
      >
        <ul>
          <li
            aria-current={true}
            className="sc-hlLBRy hHFlzz"
            onClick={[Function]}
            onKeyDown={[Function]}
            tabIndex={0}
          >
            traditional
          </li>
          <li
            aria-current={false}
            className="sc-hlLBRy iHgFco"
            onClick={[Function]}
            onKeyDown={[Function]}
            tabIndex={0}
          >
            thin
          </li>
        </ul>
        <ul>
          <li
            aria-current={true}
            className="sc-hlLBRy hHFlzz"
            onClick={[Function]}
            onKeyDown={[Function]}
            tabIndex={0}
          >
            12
             inch
          </li>
          <li
            aria-current={false}
            className="sc-hlLBRy iHgFco"
            onClick={[Function]}
            onKeyDown={[Function]}
            tabIndex={0}
          >
            14
             inch
          </li>
          <li
            aria-current={false}
            className="sc-hlLBRy iHgFco"
            onClick={[Function]}
            onKeyDown={[Function]}
            tabIndex={0}
          >
            16
             inch
          </li>
        </ul>
      </div>
      <section
        className="sc-gsGlKL dFNTzs"
      >
        <h3
          className="sc-bWOGAC jKsOjm"
        >
          10
          $
        </h3>
        <button
          className="sc-bcXHqe sc-hLBbgP sc-jSUZER glVyWT bcVaXZ dcTKOB"
          onClick={[Function]}
        >
          <svg
            className="sc-ZqFbI dumUov"
            fill="currentColor"
            height="1em"
            stroke="currentColor"
            strokeWidth="0"
            style={
              Object {
                "color": undefined,
              }
            }
            viewBox="0 0 16 16"
            width="1em"
            xmlns="http://www.w3.org/2000/svg"
          >
            <path
              d="M8 0a1 1 0 0 1 1 1v6h6a1 1 0 1 1 0 2H9v6a1 1 0 1 1-2 0V9H1a1 1 0 0 1 0-2h6V1a1 1 0 0 1 1-1z"
            />
          </svg>
          <span>
            Add
          </span>
        </button>
      </section>
    </article>,
    <article
      className="sc-jRwbcX giLUud"
    >
      <a
        className="sc-fvEvSO jSMwtJ"
        href="/pizzas/Pepperoni Pizza"
        onClick={[Function]}
      >
        <picture>
          <source
            srcSet="./assets/img/pizzas/pizza2.webp"
            type="image/webp"
          />
          <source
            srcSet="./assets/img/pizzas/pizza2.png"
            type="image/png"
          />
          <img
            alt="Pepperoni Pizza pizza"
            className="sc-fcCDlF figEwF"
            height="250"
            src="./assets/img/pizzas/pizza2.png"
            width="250"
          />
        </picture>
        <h3
          className="sc-GKYbw gOnPJi"
        >
          Pepperoni Pizza
        </h3>
      </a>
      <div
        className="sc-jNJNQp djLnsE"
      >
        <ul>
          <li
            aria-current={true}
            className="sc-hlLBRy hHFlzz"
            onClick={[Function]}
            onKeyDown={[Function]}
            tabIndex={0}
          >
            traditional
          </li>
        </ul>
        <ul>
          <li
            aria-current={true}
            className="sc-hlLBRy hHFlzz"
            onClick={[Function]}
            onKeyDown={[Function]}
            tabIndex={0}
          >
            12
             inch
          </li>
          <li
            aria-current={false}
            className="sc-hlLBRy iHgFco"
            onClick={[Function]}
            onKeyDown={[Function]}
            tabIndex={0}
          >
            14
             inch
          </li>
        </ul>
      </div>
      <section
        className="sc-gsGlKL dFNTzs"
      >
        <h3
          className="sc-bWOGAC jKsOjm"
        >
          12
          $
        </h3>
        <button
          className="sc-bcXHqe sc-hLBbgP sc-jSUZER glVyWT bcVaXZ dcTKOB"
          onClick={[Function]}
        >
          <svg
            className="sc-ZqFbI dumUov"
            fill="currentColor"
            height="1em"
            stroke="currentColor"
            strokeWidth="0"
            style={
              Object {
                "color": undefined,
              }
            }
            viewBox="0 0 16 16"
            width="1em"
            xmlns="http://www.w3.org/2000/svg"
          >
            <path
              d="M8 0a1 1 0 0 1 1 1v6h6a1 1 0 1 1 0 2H9v6a1 1 0 1 1-2 0V9H1a1 1 0 0 1 0-2h6V1a1 1 0 0 1 1-1z"
            />
          </svg>
          <span>
            Add
          </span>
        </button>
      </section>
    </article>,
    <article
      className="sc-jRwbcX giLUud"
    >
      <a
        className="sc-fvEvSO jSMwtJ"
        href="/pizzas/Diablo"
        onClick={[Function]}
      >
        <picture>
          <source
            srcSet="./assets/img/pizzas/pizza6.webp"
            type="image/webp"
          />
          <source
            srcSet="./assets/img/pizzas/pizza6.png"
            type="image/png"
          />
          <img
            alt="Diablo pizza"
            className="sc-fcCDlF figEwF"
            height="250"
            src="./assets/img/pizzas/pizza6.png"
            width="250"
          />
        </picture>
        <h3
          className="sc-GKYbw gOnPJi"
        >
          Diablo
        </h3>
      </a>
      <div
        className="sc-jNJNQp djLnsE"
      >
        <ul>
          <li
            aria-current={true}
            className="sc-hlLBRy hHFlzz"
            onClick={[Function]}
            onKeyDown={[Function]}
            tabIndex={0}
          >
            traditional
          </li>
          <li
            aria-current={false}
            className="sc-hlLBRy iHgFco"
            onClick={[Function]}
            onKeyDown={[Function]}
            tabIndex={0}
          >
            thin
          </li>
        </ul>
        <ul>
          <li
            aria-current={true}
            className="sc-hlLBRy hHFlzz"
            onClick={[Function]}
            onKeyDown={[Function]}
            tabIndex={0}
          >
            12
             inch
          </li>
          <li
            aria-current={false}
            className="sc-hlLBRy iHgFco"
            onClick={[Function]}
            onKeyDown={[Function]}
            tabIndex={0}
          >
            16
             inch
          </li>
        </ul>
      </div>
      <section
        className="sc-gsGlKL dFNTzs"
      >
        <h3
          className="sc-bWOGAC jKsOjm"
        >
          15
          $
        </h3>
        <button
          className="sc-bcXHqe sc-hLBbgP sc-jSUZER glVyWT bcVaXZ dcTKOB"
          onClick={[Function]}
        >
          <svg
            className="sc-ZqFbI dumUov"
            fill="currentColor"
            height="1em"
            stroke="currentColor"
            strokeWidth="0"
            style={
              Object {
                "color": undefined,
              }
            }
            viewBox="0 0 16 16"
            width="1em"
            xmlns="http://www.w3.org/2000/svg"
          >
            <path
              d="M8 0a1 1 0 0 1 1 1v6h6a1 1 0 1 1 0 2H9v6a1 1 0 1 1-2 0V9H1a1 1 0 0 1 0-2h6V1a1 1 0 0 1 1-1z"
            />
          </svg>
          <span>
            Add
          </span>
        </button>
      </section>
    </article>,
  ],
  "props": Object {
    "className": "sc-eGugkK eHCMkP",
  },
  "type": "section",
}
`;

exports[`ProductsContainer tests should render the ProductsContainer component with not matching search value 1`] = `
Object {
  "children": Array [
    <h3
      className="sc-csDkEv kRgCHa"
    >
      No pizzas with that name were found...
    </h3>,
  ],
  "props": Object {
    "className": "sc-eGugkK jSTRGl",
  },
  "type": "section",
}
`;
