// Jest Snapshot v1, https://goo.gl/fbAQLP

exports[`Home Tests renders the Home page 1`] = `
<article
  class="sc-bcXHqe bZXhLi"
  data-testid="homePage"
>
  <section
    class="sc-kImNAt dCNWbc"
  >
    <section>
      <ul
        class="sc-iTFTee hMQjgY"
      >
        <li
          aria-current="true"
          class="sc-iAEawV rqmHb"
          tabindex="-1"
        >
          All
        </li>
        <li
          aria-current="false"
          class="sc-iAEawV hUGHqj"
          tabindex="0"
        >
          Meat
        </li>
        <li
          aria-current="false"
          class="sc-iAEawV hUGHqj"
          tabindex="0"
        >
          Vegetarian
        </li>
        <li
          aria-current="false"
          class="sc-iAEawV hUGHqj"
          tabindex="0"
        >
          Grill
        </li>
        <li
          aria-current="false"
          class="sc-iAEawV hUGHqj"
          tabindex="0"
        >
          Spicy
        </li>
      </ul>
    </section>
    <section
      class="sc-UpCWa dHOyAq"
    >
      <div
        class="sc-jIILKH ShNFR"
        tabindex="0"
      >
        <svg
          class="sc-jNJNQp hvFtFa"
          data-testid="popupIcon"
          fill="currentColor"
          height="1em"
          stroke="currentColor"
          stroke-width="0"
          viewBox="0 0 16 16"
          width="1em"
          xmlns="http://www.w3.org/2000/svg"
        >
          <path
            d="M7.247 11.14 2.451 5.658C1.885 5.013 2.345 4 3.204 4h9.592a1 1 0 0 1 .753 1.659l-4.796 5.48a1 1 0 0 1-1.506 0z"
          />
        </svg>
        <b>
          Sort by
        </b>
        <span
          data-testid="currenChosenSortName"
        >
          rating
        </span>
      </div>
      <section
        aria-hidden="true"
        class="sc-hlLBRy eNPgVv"
      >
        <ul
          aria-hidden="true"
          data-testid="popupList"
        >
          <li
            class="sc-eKJbhj iuLHkr"
            tabindex="0"
          >
            rating
          </li>
          <li
            class="sc-eKJbhj bpHbrS"
            tabindex="0"
          >
            price
          </li>
          <li
            class="sc-eKJbhj bpHbrS"
            tabindex="0"
          >
            A to Z
          </li>
        </ul>
      </section>
    </section>
  </section>
  <section
    class="sc-kImNAt sc-hOzowv dCNWbc fKVefI"
  >
    <h2
      class="sc-bTTELM bxlnJZ"
    >
      All Pizzas
    </h2>
    <div
      class="sc-fbYMXx jkjslO"
    >
      <svg
        class="sc-GhhNo caaOaY"
        data-testid="searchIcon"
        fill="currentColor"
        height="1em"
        stroke="currentColor"
        stroke-width="0"
        viewBox="0 0 16 16"
        width="1em"
        xmlns="http://www.w3.org/2000/svg"
      >
        <path
          d="M11.742 10.344a6.5 6.5 0 1 0-1.397 1.398h-.001c.03.04.062.078.098.115l3.85 3.85a1 1 0 0 0 1.415-1.414l-3.85-3.85a1.007 1.007 0 0 0-.115-.1zM12 6.5a5.5 5.5 0 1 1-11 0 5.5 5.5 0 0 1 11 0z"
        />
      </svg>
      <input
        class="sc-fXqpFg ixFgiC"
        placeholder="Search..."
        value=""
      />
    </div>
  </section>
  <section
    class="sc-gGvHcT fEkslm"
  >
    <article
      class="sc-iOeugr gEJccE"
    >
      <a
        class="sc-jfvxQR bWKwoj"
        href="/pizza/3"
      >
        <picture>
          <source
            srcset="./assets/img/pizza3.webp"
            type="image/webp"
          />
          <source
            srcset="./assets/img/pizza3.png"
            type="image/png"
          />
          <img
            alt="Shrimp Pizza pizza"
            class="sc-eJDSGI hqHNQr"
            height="250"
            src="./assets/img/pizza3.png"
            width="250"
          />
        </picture>
        <h3
          class="sc-oZIhv gNyuoE"
        >
          Shrimp Pizza
        </h3>
      </a>
      <section
        class="sc-cOxWqc hpfERk"
      >
        <ul>
          <li
            aria-current="true"
            class="sc-AHaJN hzTerC"
            tabindex="0"
          >
            traditional
          </li>
          <li
            aria-current="false"
            class="sc-AHaJN euprUJ"
            tabindex="0"
          >
            thin
          </li>
        </ul>
        <ul>
          <li
            aria-current="true"
            class="sc-AHaJN hzTerC"
            tabindex="0"
          >
            12
             inch
          </li>
          <li
            aria-current="false"
            class="sc-AHaJN euprUJ"
            tabindex="0"
          >
            14
             inch
          </li>
          <li
            aria-current="false"
            class="sc-AHaJN euprUJ"
            tabindex="0"
          >
            16
             inch
          </li>
        </ul>
      </section>
      <section
        class="sc-hiDMwi iYWLhC"
      >
        <h3
          class="sc-ehvNnt bVVxWG"
        >
          10
          $
        </h3>
        <button
          class="sc-hLBbgP sc-iBYQkv sc-pyfCe fGqcTx iDltE uzlJh"
        >
          <svg
            class="sc-bCfvAP gqRgOl"
            fill="currentColor"
            height="1em"
            stroke="currentColor"
            stroke-width="0"
            viewBox="0 0 16 16"
            width="1em"
            xmlns="http://www.w3.org/2000/svg"
          >
            <path
              d="M8 0a1 1 0 0 1 1 1v6h6a1 1 0 1 1 0 2H9v6a1 1 0 1 1-2 0V9H1a1 1 0 0 1 0-2h6V1a1 1 0 0 1 1-1z"
            />
          </svg>
          <span>
            Add
          </span>
        </button>
      </section>
    </article>
    <article
      class="sc-iOeugr gEJccE"
    >
      <a
        class="sc-jfvxQR bWKwoj"
        href="/pizza/2"
      >
        <picture>
          <source
            srcset="./assets/img/pizza2.webp"
            type="image/webp"
          />
          <source
            srcset="./assets/img/pizza2.png"
            type="image/png"
          />
          <img
            alt="Pepperoni Pizza pizza"
            class="sc-eJDSGI hqHNQr"
            height="250"
            src="./assets/img/pizza2.png"
            width="250"
          />
        </picture>
        <h3
          class="sc-oZIhv gNyuoE"
        >
          Pepperoni Pizza
        </h3>
      </a>
      <section
        class="sc-cOxWqc hpfERk"
      >
        <ul>
          <li
            aria-current="true"
            class="sc-AHaJN hzTerC"
            tabindex="0"
          >
            traditional
          </li>
        </ul>
        <ul>
          <li
            aria-current="true"
            class="sc-AHaJN hzTerC"
            tabindex="0"
          >
            12
             inch
          </li>
          <li
            aria-current="false"
            class="sc-AHaJN euprUJ"
            tabindex="0"
          >
            14
             inch
          </li>
        </ul>
      </section>
      <section
        class="sc-hiDMwi iYWLhC"
      >
        <h3
          class="sc-ehvNnt bVVxWG"
        >
          12
          $
        </h3>
        <button
          class="sc-hLBbgP sc-iBYQkv sc-pyfCe fGqcTx iDltE uzlJh"
        >
          <svg
            class="sc-bCfvAP gqRgOl"
            fill="currentColor"
            height="1em"
            stroke="currentColor"
            stroke-width="0"
            viewBox="0 0 16 16"
            width="1em"
            xmlns="http://www.w3.org/2000/svg"
          >
            <path
              d="M8 0a1 1 0 0 1 1 1v6h6a1 1 0 1 1 0 2H9v6a1 1 0 1 1-2 0V9H1a1 1 0 0 1 0-2h6V1a1 1 0 0 1 1-1z"
            />
          </svg>
          <span>
            Add
          </span>
        </button>
      </section>
    </article>
    <article
      class="sc-iOeugr gEJccE"
    >
      <a
        class="sc-jfvxQR bWKwoj"
        href="/pizza/6"
      >
        <picture>
          <source
            srcset="./assets/img/pizza6.webp"
            type="image/webp"
          />
          <source
            srcset="./assets/img/pizza6.png"
            type="image/png"
          />
          <img
            alt="Diablo pizza"
            class="sc-eJDSGI hqHNQr"
            height="250"
            src="./assets/img/pizza6.png"
            width="250"
          />
        </picture>
        <h3
          class="sc-oZIhv gNyuoE"
        >
          Diablo
        </h3>
      </a>
      <section
        class="sc-cOxWqc hpfERk"
      >
        <ul>
          <li
            aria-current="true"
            class="sc-AHaJN hzTerC"
            tabindex="0"
          >
            traditional
          </li>
          <li
            aria-current="false"
            class="sc-AHaJN euprUJ"
            tabindex="0"
          >
            thin
          </li>
        </ul>
        <ul>
          <li
            aria-current="true"
            class="sc-AHaJN hzTerC"
            tabindex="0"
          >
            12
             inch
          </li>
          <li
            aria-current="false"
            class="sc-AHaJN euprUJ"
            tabindex="0"
          >
            16
             inch
          </li>
        </ul>
      </section>
      <section
        class="sc-hiDMwi iYWLhC"
      >
        <h3
          class="sc-ehvNnt bVVxWG"
        >
          15
          $
        </h3>
        <button
          class="sc-hLBbgP sc-iBYQkv sc-pyfCe fGqcTx iDltE uzlJh"
        >
          <svg
            class="sc-bCfvAP gqRgOl"
            fill="currentColor"
            height="1em"
            stroke="currentColor"
            stroke-width="0"
            viewBox="0 0 16 16"
            width="1em"
            xmlns="http://www.w3.org/2000/svg"
          >
            <path
              d="M8 0a1 1 0 0 1 1 1v6h6a1 1 0 1 1 0 2H9v6a1 1 0 1 1-2 0V9H1a1 1 0 0 1 0-2h6V1a1 1 0 0 1 1-1z"
            />
          </svg>
          <span>
            Add
          </span>
        </button>
      </section>
    </article>
  </section>
</article>
`;
