// Jest Snapshot v1, https://goo.gl/fbAQLP

exports[`HomePage tests should render the Home page 1`] = `
<article
  class="sc-fnGiBr dptaOp"
  data-testid="homePage"
>
  <section
    class="sc-brePNt fAanMv"
  >
    <section>
      <ul
        class="sc-eKJbhj bfGdnD"
      >
        <li
          aria-current="true"
          class="sc-bTTELM bbHVzA"
          tabindex="-1"
        >
          All
        </li>
        <li
          aria-current="false"
          class="sc-bTTELM hbnjdM"
          tabindex="0"
        >
          Meat
        </li>
        <li
          aria-current="false"
          class="sc-bTTELM hbnjdM"
          tabindex="0"
        >
          Vegetarian
        </li>
        <li
          aria-current="false"
          class="sc-bTTELM hbnjdM"
          tabindex="0"
        >
          Grill
        </li>
        <li
          aria-current="false"
          class="sc-bTTELM hbnjdM"
          tabindex="0"
        >
          Spicy
        </li>
      </ul>
    </section>
    <section
      class="sc-gKPRtg gwEttj"
    >
      <div
        class="sc-iBYQkv frtQMe"
        tabindex="0"
      >
        <svg
          class="sc-pyfCe dHBSja"
          data-testid="popupIcon"
          fill="currentColor"
          height="1em"
          stroke="currentColor"
          stroke-width="0"
          viewBox="0 0 16 16"
          width="1em"
          xmlns="http://www.w3.org/2000/svg"
        >
          <path
            d="M7.247 11.14 2.451 5.658C1.885 5.013 2.345 4 3.204 4h9.592a1 1 0 0 1 .753 1.659l-4.796 5.48a1 1 0 0 1-1.506 0z"
          />
        </svg>
        <b>
          Sort by
        </b>
        <span
          data-testid="currenChosenSortName"
        >
          rating
        </span>
      </div>
      <section
        aria-hidden="true"
        class="sc-jrcTuL bYVhnI"
      >
        <ul
          aria-hidden="true"
          data-testid="popupList"
        >
          <li
            class="sc-kDvujY jHPndM"
            tabindex="0"
          >
            rating
          </li>
          <li
            class="sc-kDvujY fKyUtV"
            tabindex="0"
          >
            price
          </li>
          <li
            class="sc-kDvujY fKyUtV"
            tabindex="0"
          >
            A to Z
          </li>
        </ul>
      </section>
    </section>
  </section>
  <section
    class="sc-brePNt sc-gJqSRm fAanMv iEoHXH"
  >
    <h2
      class="sc-dEVLtI fjivox"
    >
      All Pizzas
    </h2>
    <div
      class="sc-kgTSHT eUhlhh"
    >
      <svg
        class="sc-fLcnxK hgwoZe"
        data-testid="searchIcon"
        fill="currentColor"
        height="1em"
        stroke="currentColor"
        stroke-width="0"
        viewBox="0 0 16 16"
        width="1em"
        xmlns="http://www.w3.org/2000/svg"
      >
        <path
          d="M11.742 10.344a6.5 6.5 0 1 0-1.397 1.398h-.001c.03.04.062.078.098.115l3.85 3.85a1 1 0 0 0 1.415-1.414l-3.85-3.85a1.007 1.007 0 0 0-.115-.1zM12 6.5a5.5 5.5 0 1 1-11 0 5.5 5.5 0 0 1 11 0z"
        />
      </svg>
      <input
        class="sc-bBABsx dXVQZb"
        placeholder="Search..."
        value=""
        width="240px"
      />
    </div>
  </section>
  <section
    class="sc-eGugkK eHCMkP"
  >
    <article
      class="sc-jRwbcX giLUud"
    >
      <a
        class="sc-fvEvSO jSMwtJ"
        href="/pizzas/Shrimp Pizza"
      >
        <picture>
          <source
            srcset="./assets/img/pizzas/pizza3.webp"
            type="image/webp"
          />
          <source
            srcset="./assets/img/pizzas/pizza3.png"
            type="image/png"
          />
          <img
            alt="Shrimp Pizza pizza"
            class="sc-fcCDlF figEwF"
            height="250"
            src="./assets/img/pizzas/pizza3.png"
            width="250"
          />
        </picture>
        <h3
          class="sc-GKYbw gOnPJi"
        >
          Shrimp Pizza
        </h3>
      </a>
      <div
        class="sc-jNJNQp djLnsE"
      >
        <ul>
          <li
            aria-current="true"
            class="sc-hlLBRy hHFlzz"
            tabindex="0"
          >
            traditional
          </li>
          <li
            aria-current="false"
            class="sc-hlLBRy iHgFco"
            tabindex="0"
          >
            thin
          </li>
        </ul>
        <ul>
          <li
            aria-current="true"
            class="sc-hlLBRy hHFlzz"
            tabindex="0"
          >
            12
             inch
          </li>
          <li
            aria-current="false"
            class="sc-hlLBRy iHgFco"
            tabindex="0"
          >
            14
             inch
          </li>
          <li
            aria-current="false"
            class="sc-hlLBRy iHgFco"
            tabindex="0"
          >
            16
             inch
          </li>
        </ul>
      </div>
      <section
        class="sc-gsGlKL dFNTzs"
      >
        <h3
          class="sc-bWOGAC jKsOjm"
        >
          10
          $
        </h3>
        <button
          class="sc-bcXHqe sc-hLBbgP sc-jSUZER glVyWT bcVaXZ dcTKOB"
        >
          <svg
            class="sc-ZqFbI dumUov"
            fill="currentColor"
            height="1em"
            stroke="currentColor"
            stroke-width="0"
            viewBox="0 0 16 16"
            width="1em"
            xmlns="http://www.w3.org/2000/svg"
          >
            <path
              d="M8 0a1 1 0 0 1 1 1v6h6a1 1 0 1 1 0 2H9v6a1 1 0 1 1-2 0V9H1a1 1 0 0 1 0-2h6V1a1 1 0 0 1 1-1z"
            />
          </svg>
          <span>
            Add
          </span>
        </button>
      </section>
    </article>
    <article
      class="sc-jRwbcX giLUud"
    >
      <a
        class="sc-fvEvSO jSMwtJ"
        href="/pizzas/Pepperoni Pizza"
      >
        <picture>
          <source
            srcset="./assets/img/pizzas/pizza2.webp"
            type="image/webp"
          />
          <source
            srcset="./assets/img/pizzas/pizza2.png"
            type="image/png"
          />
          <img
            alt="Pepperoni Pizza pizza"
            class="sc-fcCDlF figEwF"
            height="250"
            src="./assets/img/pizzas/pizza2.png"
            width="250"
          />
        </picture>
        <h3
          class="sc-GKYbw gOnPJi"
        >
          Pepperoni Pizza
        </h3>
      </a>
      <div
        class="sc-jNJNQp djLnsE"
      >
        <ul>
          <li
            aria-current="true"
            class="sc-hlLBRy hHFlzz"
            tabindex="0"
          >
            traditional
          </li>
        </ul>
        <ul>
          <li
            aria-current="true"
            class="sc-hlLBRy hHFlzz"
            tabindex="0"
          >
            12
             inch
          </li>
          <li
            aria-current="false"
            class="sc-hlLBRy iHgFco"
            tabindex="0"
          >
            14
             inch
          </li>
        </ul>
      </div>
      <section
        class="sc-gsGlKL dFNTzs"
      >
        <h3
          class="sc-bWOGAC jKsOjm"
        >
          12
          $
        </h3>
        <button
          class="sc-bcXHqe sc-hLBbgP sc-jSUZER glVyWT bcVaXZ dcTKOB"
        >
          <svg
            class="sc-ZqFbI dumUov"
            fill="currentColor"
            height="1em"
            stroke="currentColor"
            stroke-width="0"
            viewBox="0 0 16 16"
            width="1em"
            xmlns="http://www.w3.org/2000/svg"
          >
            <path
              d="M8 0a1 1 0 0 1 1 1v6h6a1 1 0 1 1 0 2H9v6a1 1 0 1 1-2 0V9H1a1 1 0 0 1 0-2h6V1a1 1 0 0 1 1-1z"
            />
          </svg>
          <span>
            Add
          </span>
        </button>
      </section>
    </article>
    <article
      class="sc-jRwbcX giLUud"
    >
      <a
        class="sc-fvEvSO jSMwtJ"
        href="/pizzas/Diablo"
      >
        <picture>
          <source
            srcset="./assets/img/pizzas/pizza6.webp"
            type="image/webp"
          />
          <source
            srcset="./assets/img/pizzas/pizza6.png"
            type="image/png"
          />
          <img
            alt="Diablo pizza"
            class="sc-fcCDlF figEwF"
            height="250"
            src="./assets/img/pizzas/pizza6.png"
            width="250"
          />
        </picture>
        <h3
          class="sc-GKYbw gOnPJi"
        >
          Diablo
        </h3>
      </a>
      <div
        class="sc-jNJNQp djLnsE"
      >
        <ul>
          <li
            aria-current="true"
            class="sc-hlLBRy hHFlzz"
            tabindex="0"
          >
            traditional
          </li>
          <li
            aria-current="false"
            class="sc-hlLBRy iHgFco"
            tabindex="0"
          >
            thin
          </li>
        </ul>
        <ul>
          <li
            aria-current="true"
            class="sc-hlLBRy hHFlzz"
            tabindex="0"
          >
            12
             inch
          </li>
          <li
            aria-current="false"
            class="sc-hlLBRy iHgFco"
            tabindex="0"
          >
            16
             inch
          </li>
        </ul>
      </div>
      <section
        class="sc-gsGlKL dFNTzs"
      >
        <h3
          class="sc-bWOGAC jKsOjm"
        >
          15
          $
        </h3>
        <button
          class="sc-bcXHqe sc-hLBbgP sc-jSUZER glVyWT bcVaXZ dcTKOB"
        >
          <svg
            class="sc-ZqFbI dumUov"
            fill="currentColor"
            height="1em"
            stroke="currentColor"
            stroke-width="0"
            viewBox="0 0 16 16"
            width="1em"
            xmlns="http://www.w3.org/2000/svg"
          >
            <path
              d="M8 0a1 1 0 0 1 1 1v6h6a1 1 0 1 1 0 2H9v6a1 1 0 1 1-2 0V9H1a1 1 0 0 1 0-2h6V1a1 1 0 0 1 1-1z"
            />
          </svg>
          <span>
            Add
          </span>
        </button>
      </section>
    </article>
  </section>
</article>
`;
