// Jest Snapshot v1, https://goo.gl/fbAQLP

exports[`LogoSection Tests renders the LogoSection UI component 1`] = `
Object {
  "children": Array [
    <section
      className="sc-gswNZR ilMqZL"
    >
      <img
        alt="Pizza logo"
        height="54.5"
        src="main-logo.svg"
        width="38"
      />
      <div>
        <h1
          className="sc-dkrFOg iZFYkr"
        >
          Pizza Place
        </h1>
        <p>
          the most delicious pizzas in town
        </p>
      </div>
    </section>,
  ],
  "props": Object {
    "className": "sc-bcXHqe eHbXto",
    "href": "/",
    "isHome": true,
    "onClick": [Function],
    "tabIndex": -1,
    "target": undefined,
  },
  "type": "a",
}
`;
