// Jest Snapshot v1, https://goo.gl/fbAQLP

exports[`ProductOptions tests should render the ProductOptions UI component 1`] = `
Object {
  "children": Array [
    <ul>
      <li
        aria-current={true}
        className="sc-fEXmlR eEKhPW"
        onClick={[Function]}
        onKeyDown={[Function]}
        tabIndex={0}
      >
        traditional
      </li>
      <li
        aria-current={false}
        className="sc-fEXmlR jmBAcN"
        onClick={[Function]}
        onKeyDown={[Function]}
        tabIndex={0}
      >
        thin
      </li>
    </ul>,
    <ul>
      <li
        aria-current={false}
        className="sc-fEXmlR jmBAcN"
        onClick={[Function]}
        onKeyDown={[Function]}
        tabIndex={0}
      >
        12
         inch
      </li>
      <li
        aria-current={false}
        className="sc-fEXmlR jmBAcN"
        onClick={[Function]}
        onKeyDown={[Function]}
        tabIndex={0}
      >
        14
         inch
      </li>
      <li
        aria-current={false}
        className="sc-fEXmlR jmBAcN"
        onClick={[Function]}
        onKeyDown={[Function]}
        tabIndex={0}
      >
        16
         inch
      </li>
    </ul>,
  ],
  "props": Object {
    "className": "sc-fnGiBr gOOXPX",
  },
  "type": "div",
}
`;
