// Jest Snapshot v1, https://goo.gl/fbAQLP

exports[`ProductsContainer Tests renders the ProductsContainer component 1`] = `
Object {
  "children": Array [
    <article
      className="sc-jIILKH rsdea"
    >
      <a
        className="sc-ZqFbI cDGMlQ"
        href="/pizza/3"
        onClick={[Function]}
      >
        <picture>
          <source
            srcSet="./assets/img/pizza3.webp"
            type="image/webp"
          />
          <source
            srcSet="./assets/img/pizza3.png"
            type="image/png"
          />
          <img
            alt="Shrimp Pizza pizza"
            className="sc-jNJNQp cpSYLA"
            height="250"
            src="./assets/img/pizza3.png"
            width="250"
          />
        </picture>
        <h3
          className="sc-hlLBRy kDzDHr"
        >
          Shrimp Pizza
        </h3>
      </a>
      <section
        className="sc-gGvHcT fSGriU"
      >
        <ul>
          <li
            aria-current={true}
            className="sc-ckEbSK hSXaaR"
            onClick={[Function]}
            onKeyDown={[Function]}
            tabIndex={0}
          >
            traditional
          </li>
          <li
            aria-current={false}
            className="sc-ckEbSK fbgxe"
            onClick={[Function]}
            onKeyDown={[Function]}
            tabIndex={0}
          >
            thin
          </li>
        </ul>
        <ul>
          <li
            aria-current={true}
            className="sc-ckEbSK hSXaaR"
            onClick={[Function]}
            onKeyDown={[Function]}
            tabIndex={0}
          >
            12
             inch
          </li>
          <li
            aria-current={false}
            className="sc-ckEbSK fbgxe"
            onClick={[Function]}
            onKeyDown={[Function]}
            tabIndex={0}
          >
            14
             inch
          </li>
          <li
            aria-current={false}
            className="sc-ckEbSK fbgxe"
            onClick={[Function]}
            onKeyDown={[Function]}
            tabIndex={0}
          >
            16
             inch
          </li>
        </ul>
      </section>
      <section
        className="sc-eKJbhj cJkriA"
      >
        <h3
          className="sc-bTTELM gqhzAb"
        >
          10
          $
        </h3>
        <button
          className="sc-hLBbgP sc-iBYQkv sc-pyfCe fGqcTx iDltE uzlJh"
          onClick={[Function]}
        >
          <svg
            className="sc-laZRCg ekmfhU"
            fill="currentColor"
            height="1em"
            stroke="currentColor"
            strokeWidth="0"
            style={
              Object {
                "color": undefined,
              }
            }
            viewBox="0 0 16 16"
            width="1em"
            xmlns="http://www.w3.org/2000/svg"
          >
            <path
              d="M8 0a1 1 0 0 1 1 1v6h6a1 1 0 1 1 0 2H9v6a1 1 0 1 1-2 0V9H1a1 1 0 0 1 0-2h6V1a1 1 0 0 1 1-1z"
            />
          </svg>
          <span>
            Add
          </span>
        </button>
      </section>
    </article>,
    <article
      className="sc-jIILKH rsdea"
    >
      <a
        className="sc-ZqFbI cDGMlQ"
        href="/pizza/2"
        onClick={[Function]}
      >
        <picture>
          <source
            srcSet="./assets/img/pizza2.webp"
            type="image/webp"
          />
          <source
            srcSet="./assets/img/pizza2.png"
            type="image/png"
          />
          <img
            alt="Pepperoni Pizza pizza"
            className="sc-jNJNQp cpSYLA"
            height="250"
            src="./assets/img/pizza2.png"
            width="250"
          />
        </picture>
        <h3
          className="sc-hlLBRy kDzDHr"
        >
          Pepperoni Pizza
        </h3>
      </a>
      <section
        className="sc-gGvHcT fSGriU"
      >
        <ul>
          <li
            aria-current={true}
            className="sc-ckEbSK hSXaaR"
            onClick={[Function]}
            onKeyDown={[Function]}
            tabIndex={0}
          >
            traditional
          </li>
        </ul>
        <ul>
          <li
            aria-current={true}
            className="sc-ckEbSK hSXaaR"
            onClick={[Function]}
            onKeyDown={[Function]}
            tabIndex={0}
          >
            12
             inch
          </li>
          <li
            aria-current={false}
            className="sc-ckEbSK fbgxe"
            onClick={[Function]}
            onKeyDown={[Function]}
            tabIndex={0}
          >
            14
             inch
          </li>
        </ul>
      </section>
      <section
        className="sc-eKJbhj cJkriA"
      >
        <h3
          className="sc-bTTELM gqhzAb"
        >
          12
          $
        </h3>
        <button
          className="sc-hLBbgP sc-iBYQkv sc-pyfCe fGqcTx iDltE uzlJh"
          onClick={[Function]}
        >
          <svg
            className="sc-laZRCg ekmfhU"
            fill="currentColor"
            height="1em"
            stroke="currentColor"
            strokeWidth="0"
            style={
              Object {
                "color": undefined,
              }
            }
            viewBox="0 0 16 16"
            width="1em"
            xmlns="http://www.w3.org/2000/svg"
          >
            <path
              d="M8 0a1 1 0 0 1 1 1v6h6a1 1 0 1 1 0 2H9v6a1 1 0 1 1-2 0V9H1a1 1 0 0 1 0-2h6V1a1 1 0 0 1 1-1z"
            />
          </svg>
          <span>
            Add
          </span>
        </button>
      </section>
    </article>,
    <article
      className="sc-jIILKH rsdea"
    >
      <a
        className="sc-ZqFbI cDGMlQ"
        href="/pizza/6"
        onClick={[Function]}
      >
        <picture>
          <source
            srcSet="./assets/img/pizza6.webp"
            type="image/webp"
          />
          <source
            srcSet="./assets/img/pizza6.png"
            type="image/png"
          />
          <img
            alt="Diablo pizza"
            className="sc-jNJNQp cpSYLA"
            height="250"
            src="./assets/img/pizza6.png"
            width="250"
          />
        </picture>
        <h3
          className="sc-hlLBRy kDzDHr"
        >
          Diablo
        </h3>
      </a>
      <section
        className="sc-gGvHcT fSGriU"
      >
        <ul>
          <li
            aria-current={true}
            className="sc-ckEbSK hSXaaR"
            onClick={[Function]}
            onKeyDown={[Function]}
            tabIndex={0}
          >
            traditional
          </li>
          <li
            aria-current={false}
            className="sc-ckEbSK fbgxe"
            onClick={[Function]}
            onKeyDown={[Function]}
            tabIndex={0}
          >
            thin
          </li>
        </ul>
        <ul>
          <li
            aria-current={true}
            className="sc-ckEbSK hSXaaR"
            onClick={[Function]}
            onKeyDown={[Function]}
            tabIndex={0}
          >
            12
             inch
          </li>
          <li
            aria-current={false}
            className="sc-ckEbSK fbgxe"
            onClick={[Function]}
            onKeyDown={[Function]}
            tabIndex={0}
          >
            16
             inch
          </li>
        </ul>
      </section>
      <section
        className="sc-eKJbhj cJkriA"
      >
        <h3
          className="sc-bTTELM gqhzAb"
        >
          15
          $
        </h3>
        <button
          className="sc-hLBbgP sc-iBYQkv sc-pyfCe fGqcTx iDltE uzlJh"
          onClick={[Function]}
        >
          <svg
            className="sc-laZRCg ekmfhU"
            fill="currentColor"
            height="1em"
            stroke="currentColor"
            strokeWidth="0"
            style={
              Object {
                "color": undefined,
              }
            }
            viewBox="0 0 16 16"
            width="1em"
            xmlns="http://www.w3.org/2000/svg"
          >
            <path
              d="M8 0a1 1 0 0 1 1 1v6h6a1 1 0 1 1 0 2H9v6a1 1 0 1 1-2 0V9H1a1 1 0 0 1 0-2h6V1a1 1 0 0 1 1-1z"
            />
          </svg>
          <span>
            Add
          </span>
        </button>
      </section>
    </article>,
  ],
  "props": Object {
    "className": "sc-kImNAt gECiOv",
  },
  "type": "section",
}
`;

exports[`ProductsContainer Tests renders the ProductsContainer component with not matching search value 1`] = `
Object {
  "children": Array [
    <h3
      className="sc-hOzowv hKHRHN"
    >
      No pizzas with that name were found...
    </h3>,
  ],
  "props": Object {
    "className": "sc-kImNAt puRnl",
  },
  "type": "section",
}
`;
