// Jest Snapshot v1, https://goo.gl/fbAQLP

exports[`ProductsContainer Tests renders the ProductsContainer component 1`] = `
Object {
  "children": Array [
    <article
      className="sc-bqWxrE fptGBs"
    >
      <a
        href="/item/3"
        onClick={[Function]}
      >
        <picture>
          <source
            srcSet="./assets/img/pizza3.webp"
            type="image/webp"
          />
          <source
            srcSet="./assets/img/pizza3.png"
            type="image/png"
          />
          <img
            alt="Srimp Pizza pizza"
            className="sc-ksBlkl giKwGo"
            height="250"
            src="./assets/img/pizza3.png"
            width="250"
          />
        </picture>
        <h3
          className="sc-hBxehG cZCKzy"
        >
          Srimp Pizza
        </h3>
      </a>
      <div
        className="sc-csuSiG fpLAMx"
      >
        <ul>
          <li
            className="sc-eDWCr cQFBpw"
            onClick={[Function]}
          >
            traditional
          </li>
          <li
            className="sc-eDWCr jWyKRS"
            onClick={[Function]}
          >
            thin
          </li>
        </ul>
        <ul>
          <li
            className="sc-eDWCr cQFBpw"
            onClick={[Function]}
          >
            12
             inch
          </li>
          <li
            className="sc-eDWCr jWyKRS"
            onClick={[Function]}
          >
            14
             inch
          </li>
          <li
            className="sc-eDWCr jWyKRS"
            onClick={[Function]}
          >
            16
             inch
          </li>
        </ul>
      </div>
      <div
        className="sc-fnGiBr PZUmi"
      >
        <div
          className="sc-fEXmlR ljIWrJ"
        >
          10
          $
        </div>
        <button
          className="sc-bcXHqe sc-eDvSVe sc-gKPRtg fAfvZN fwWQTF gmBSoV"
          onClick={[Function]}
        >
          <svg
            className="sc-ipEyDJ fbIxLm"
            fill="currentColor"
            height="1em"
            stroke="currentColor"
            strokeWidth="0"
            style={
              Object {
                "color": undefined,
              }
            }
            viewBox="0 0 16 16"
            width="1em"
            xmlns="http://www.w3.org/2000/svg"
          >
            <path
              d="M8 0a1 1 0 0 1 1 1v6h6a1 1 0 1 1 0 2H9v6a1 1 0 1 1-2 0V9H1a1 1 0 0 1 0-2h6V1a1 1 0 0 1 1-1z"
            />
          </svg>
          <span>
            Add
          </span>
        </button>
      </div>
    </article>,
    <article
      className="sc-bqWxrE fptGBs"
    >
      <a
        href="/item/2"
        onClick={[Function]}
      >
        <picture>
          <source
            srcSet="./assets/img/pizza2.webp"
            type="image/webp"
          />
          <source
            srcSet="./assets/img/pizza2.png"
            type="image/png"
          />
          <img
            alt="Pepperoni Pizza pizza"
            className="sc-ksBlkl giKwGo"
            height="250"
            src="./assets/img/pizza2.png"
            width="250"
          />
        </picture>
        <h3
          className="sc-hBxehG cZCKzy"
        >
          Pepperoni Pizza
        </h3>
      </a>
      <div
        className="sc-csuSiG fpLAMx"
      >
        <ul>
          <li
            className="sc-eDWCr cQFBpw"
            onClick={[Function]}
          >
            traditional
          </li>
        </ul>
        <ul>
          <li
            className="sc-eDWCr cQFBpw"
            onClick={[Function]}
          >
            12
             inch
          </li>
          <li
            className="sc-eDWCr jWyKRS"
            onClick={[Function]}
          >
            14
             inch
          </li>
        </ul>
      </div>
      <div
        className="sc-fnGiBr PZUmi"
      >
        <div
          className="sc-fEXmlR ljIWrJ"
        >
          12
          $
        </div>
        <button
          className="sc-bcXHqe sc-eDvSVe sc-gKPRtg fAfvZN fwWQTF gmBSoV"
          onClick={[Function]}
        >
          <svg
            className="sc-ipEyDJ fbIxLm"
            fill="currentColor"
            height="1em"
            stroke="currentColor"
            strokeWidth="0"
            style={
              Object {
                "color": undefined,
              }
            }
            viewBox="0 0 16 16"
            width="1em"
            xmlns="http://www.w3.org/2000/svg"
          >
            <path
              d="M8 0a1 1 0 0 1 1 1v6h6a1 1 0 1 1 0 2H9v6a1 1 0 1 1-2 0V9H1a1 1 0 0 1 0-2h6V1a1 1 0 0 1 1-1z"
            />
          </svg>
          <span>
            Add
          </span>
        </button>
      </div>
    </article>,
    <article
      className="sc-bqWxrE fptGBs"
    >
      <a
        href="/item/6"
        onClick={[Function]}
      >
        <picture>
          <source
            srcSet="./assets/img/pizza6.webp"
            type="image/webp"
          />
          <source
            srcSet="./assets/img/pizza6.png"
            type="image/png"
          />
          <img
            alt="Diablo pizza"
            className="sc-ksBlkl giKwGo"
            height="250"
            src="./assets/img/pizza6.png"
            width="250"
          />
        </picture>
        <h3
          className="sc-hBxehG cZCKzy"
        >
          Diablo
        </h3>
      </a>
      <div
        className="sc-csuSiG fpLAMx"
      >
        <ul>
          <li
            className="sc-eDWCr cQFBpw"
            onClick={[Function]}
          >
            traditional
          </li>
          <li
            className="sc-eDWCr jWyKRS"
            onClick={[Function]}
          >
            thin
          </li>
        </ul>
        <ul>
          <li
            className="sc-eDWCr cQFBpw"
            onClick={[Function]}
          >
            12
             inch
          </li>
          <li
            className="sc-eDWCr jWyKRS"
            onClick={[Function]}
          >
            16
             inch
          </li>
        </ul>
      </div>
      <div
        className="sc-fnGiBr PZUmi"
      >
        <div
          className="sc-fEXmlR ljIWrJ"
        >
          15
          $
        </div>
        <button
          className="sc-bcXHqe sc-eDvSVe sc-gKPRtg fAfvZN fwWQTF gmBSoV"
          onClick={[Function]}
        >
          <svg
            className="sc-ipEyDJ fbIxLm"
            fill="currentColor"
            height="1em"
            stroke="currentColor"
            strokeWidth="0"
            style={
              Object {
                "color": undefined,
              }
            }
            viewBox="0 0 16 16"
            width="1em"
            xmlns="http://www.w3.org/2000/svg"
          >
            <path
              d="M8 0a1 1 0 0 1 1 1v6h6a1 1 0 1 1 0 2H9v6a1 1 0 1 1-2 0V9H1a1 1 0 0 1 0-2h6V1a1 1 0 0 1 1-1z"
            />
          </svg>
          <span>
            Add
          </span>
        </button>
      </div>
    </article>,
  ],
  "props": Object {
    "className": "sc-idXgbr cCVaxy",
  },
  "type": "div",
}
`;
