// Jest Snapshot v1, https://goo.gl/fbAQLP

exports[`Item Tests renders the Item page 1`] = `
<article
  data-testid="itemPage"
>
  <article
    class="sc-bcXHqe sc-gswNZR bZXhLi edAeMk"
  >
    <img
      alt="pizza"
      class="sc-dkrFOg fXUcwl"
      height="450"
      src="../assets/img/pizza9.png"
      width="450"
    />
    <h2
      class="sc-hLBbgP fiXyOf"
    >
      Chicken Curry
    </h2>
    <p
      class="sc-eDvSVe jzLwQf"
    >
      Lorem, ipsum dolor sit amet consectetur adipisicing elit. Aliquid nisi aspernatur debitis quod suscipit, vitae placeat natus ipsum inventore esse rerum animi facere numquam saepe vero mollitia quibusdam at voluptates est commodi laudantium? Iste inventore quibusdam cupiditate nemo sint iusto minus nihil culpa! Sequi architecto nesciunt explicabo mollitia. Laboriosam, odio.
    </p>
    <section
      class="sc-gKPRtg eVocHQ"
    >
      <ul>
        <li
          class="sc-iBYQkv uIUYd"
        >
          traditional
        </li>
        <li
          class="sc-iBYQkv gouikj"
        >
          thin
        </li>
      </ul>
      <ul>
        <li
          class="sc-iBYQkv uIUYd"
        >
          12
           inch
        </li>
        <li
          class="sc-iBYQkv gouikj"
        >
          14
           inch
        </li>
        <li
          class="sc-iBYQkv gouikj"
        >
          16
           inch
        </li>
      </ul>
    </section>
    <h3
      class="sc-jSUZER glJRmG"
    >
      14
      $
    </h3>
    <button
      class="sc-ftTHYK sc-ipEyDJ sc-eDWCr KXpKQ ldgyoh lkfFKT"
    >
      <svg
        class="sc-bjfHbI lhpcBk"
        fill="currentColor"
        height="1em"
        stroke="currentColor"
        stroke-width="0"
        viewBox="0 0 16 16"
        width="1em"
        xmlns="http://www.w3.org/2000/svg"
      >
        <path
          d="M8 0a1 1 0 0 1 1 1v6h6a1 1 0 1 1 0 2H9v6a1 1 0 1 1-2 0V9H1a1 1 0 0 1 0-2h6V1a1 1 0 0 1 1-1z"
        />
      </svg>
      <span>
        Add
      </span>
    </button>
    <a
      class="sc-ftTHYK sc-pyfCe KXpKQ gZyrww"
      href="/"
    >
      <span>
        Go Back
      </span>
    </a>
  </article>
</article>
`;

exports[`Item Tests renders the Item page with a server requesr error 1`] = `
<article
  data-testid="itemPage"
>
  <h2
    class="sc-dmctIk caGNgQ"
  >
    Error: failed request, try again
  </h2>
</article>
`;
