// Jest Snapshot v1, https://goo.gl/fbAQLP

exports[`Loading tests should render the Loading UI component 1`] = `
Object {
  "children": Array [
    <svg
      className="sc-ksBlkl DtAzl"
      viewBox="0 0 50 50"
    >
      <circle
        className="sc-hBxehG eqkYYb"
        cx="25"
        cy="25"
        fill="none"
        r="20"
        strokeWidth="4"
      />
    </svg>,
  ],
  "props": Object {
    "className": "sc-bqWxrE dHOchB",
  },
  "type": "article",
}
`;
