// Jest Snapshot v1, https://goo.gl/fbAQLP

exports[`FullItemBlock Tests renders the FullItemBlock component 1`] = `
Object {
  "children": Array [
    <picture>
      <source
        srcSet="../assets/img/pizza9.webp"
        type="image/webp"
      />
      <source
        srcSet="../assets/img/pizza9.png"
        type="image/png"
      />
      <img
        alt="Chicken Curry pizza"
        className="sc-hLBbgP cUiwpx"
        height="450"
        src="../assets/img/pizza9.png"
        width="450"
      />
    </picture>,
    <h2
      className="sc-eDvSVe eCLYab"
    >
      Chicken Curry
    </h2>,
    <p
      className="sc-jSUZER iIIYuR"
    >
      Lorem, ipsum dolor sit amet consectetur adipisicing elit. Aliquid nisi aspernatur debitis quod suscipit, vitae placeat natus ipsum inventore esse rerum animi facere numquam saepe vero mollitia quibusdam at voluptates est commodi laudantium? Iste inventore quibusdam cupiditate nemo sint iusto minus nihil culpa! Sequi architecto nesciunt explicabo mollitia. Laboriosam, odio.
    </p>,
    <section
      className="sc-iBYQkv fZNaUL"
    >
      <ul>
        <li
          aria-current={true}
          className="sc-ftTHYK bsmFHy"
          onClick={[Function]}
          onKeyDown={[Function]}
          tabIndex={0}
        >
          traditional
        </li>
        <li
          aria-current={false}
          className="sc-ftTHYK idilNT"
          onClick={[Function]}
          onKeyDown={[Function]}
          tabIndex={0}
        >
          thin
        </li>
      </ul>
      <ul>
        <li
          aria-current={true}
          className="sc-ftTHYK bsmFHy"
          onClick={[Function]}
          onKeyDown={[Function]}
          tabIndex={0}
        >
          12
           inch
        </li>
        <li
          aria-current={false}
          className="sc-ftTHYK idilNT"
          onClick={[Function]}
          onKeyDown={[Function]}
          tabIndex={0}
        >
          14
           inch
        </li>
        <li
          aria-current={false}
          className="sc-ftTHYK idilNT"
          onClick={[Function]}
          onKeyDown={[Function]}
          tabIndex={0}
        >
          16
           inch
        </li>
      </ul>
    </section>,
    <h3
      className="sc-gKPRtg jDqPJq"
    >
      14
      $
    </h3>,
    <button
      className="sc-pyfCe sc-csuSiG sc-bqWxrE idmeKs jTyypa fPSXem"
      onClick={[Function]}
    >
      <svg
        className="sc-idXgbr fZoHNn"
        fill="currentColor"
        height="1em"
        stroke="currentColor"
        strokeWidth="0"
        style={
          Object {
            "color": undefined,
          }
        }
        viewBox="0 0 16 16"
        width="1em"
        xmlns="http://www.w3.org/2000/svg"
      >
        <path
          d="M8 0a1 1 0 0 1 1 1v6h6a1 1 0 1 1 0 2H9v6a1 1 0 1 1-2 0V9H1a1 1 0 0 1 0-2h6V1a1 1 0 0 1 1-1z"
        />
      </svg>
      <span>
        Add
      </span>
    </button>,
    <a
      className="sc-pyfCe sc-jrcTuL idmeKs ixbVOT"
      href="/"
      onClick={[Function]}
    >
      <span>
        Go Back
      </span>
    </a>,
  ],
  "props": Object {
    "className": "sc-bcXHqe sc-dkrFOg bZXhLi gHcQNN",
    "data-testid": "itemPage",
  },
  "type": "article",
}
`;
