// Jest Snapshot v1, https://goo.gl/fbAQLP

exports[`FullItemBlock Tests renders the FullItemBlock component 1`] = `
Object {
  "children": Array [
    <picture>
      <source
        srcSet="../assets/img/pizza9.webp"
        type="image/webp"
      />
      <source
        srcSet="../assets/img/pizza9.png"
        type="image/png"
      />
      <img
        alt="Chicken Curry pizza"
        className="sc-fbYMXx hgyqMO"
        height="450"
        src="../assets/img/pizza9.png"
        width="450"
      />
    </picture>,
    <h2
      className="sc-GhhNo llEpZe"
    >
      Chicken Curry
    </h2>,
    <p
      className="sc-fXqpFg eHWNQg"
    >
      Lorem, ipsum dolor sit amet consectetur adipisicing elit. Aliquid nisi aspernatur debitis quod suscipit, vitae placeat natus ipsum inventore esse rerum animi facere numquam saepe vero mollitia quibusdam at voluptates est commodi laudantium? Iste inventore quibusdam cupiditate nemo sint iusto minus nihil culpa! Sequi architecto nesciunt explicabo mollitia. Laboriosam, odio.
    </p>,
    <section
      className="sc-laZRCg hwUUdM"
    >
      <ul>
        <li
          aria-current={true}
          className="sc-gGvHcT fNVaNP"
          onClick={[Function]}
          onKeyDown={[Function]}
          tabIndex={0}
        >
          traditional
        </li>
        <li
          aria-current={false}
          className="sc-gGvHcT JoYtY"
          onClick={[Function]}
          onKeyDown={[Function]}
          tabIndex={0}
        >
          thin
        </li>
      </ul>
      <ul>
        <li
          aria-current={true}
          className="sc-gGvHcT fNVaNP"
          onClick={[Function]}
          onKeyDown={[Function]}
          tabIndex={0}
        >
          12
           inch
        </li>
        <li
          aria-current={false}
          className="sc-gGvHcT JoYtY"
          onClick={[Function]}
          onKeyDown={[Function]}
          tabIndex={0}
        >
          14
           inch
        </li>
        <li
          aria-current={false}
          className="sc-gGvHcT JoYtY"
          onClick={[Function]}
          onKeyDown={[Function]}
          tabIndex={0}
        >
          16
           inch
        </li>
      </ul>
    </section>,
    <h3
      className="sc-dwnOUR bZhQMC"
    >
      14
      $
    </h3>,
    <button
      className="sc-hLBbgP sc-iBYQkv sc-pyfCe fGqcTx iDltE eflScM"
      onClick={[Function]}
    >
      <svg
        className="sc-ehvNnt dGnZdy"
        fill="currentColor"
        height="1em"
        stroke="currentColor"
        strokeWidth="0"
        style={
          Object {
            "color": undefined,
          }
        }
        viewBox="0 0 16 16"
        width="1em"
        xmlns="http://www.w3.org/2000/svg"
      >
        <path
          d="M8 0a1 1 0 0 1 1 1v6h6a1 1 0 1 1 0 2H9v6a1 1 0 1 1-2 0V9H1a1 1 0 0 1 0-2h6V1a1 1 0 0 1 1-1z"
        />
      </svg>
      <span>
        Add
      </span>
    </button>,
    <a
      className="sc-hLBbgP sc-eDvSVe fGqcTx lhIsum"
      href="/"
      onClick={[Function]}
    >
      Go Back
    </a>,
  ],
  "props": Object {
    "className": "sc-bcXHqe sc-ckEbSK bZXhLi kZkJSK",
    "data-testid": "itemPage",
  },
  "type": "article",
}
`;
