// Jest Snapshot v1, https://goo.gl/fbAQLP

exports[`Selector Tests renders the Selector UI component 1`] = `
Object {
  "children": Array [
    <ul>
      <li
        aria-current={true}
        className="sc-gswNZR iMRIUn"
        onClick={[Function]}
        onKeyDown={[Function]}
        tabIndex={0}
      >
        traditional
      </li>
      <li
        aria-current={false}
        className="sc-gswNZR kCsqcO"
        onClick={[Function]}
        onKeyDown={[Function]}
        tabIndex={0}
      >
        thin
      </li>
    </ul>,
    <ul>
      <li
        aria-current={false}
        className="sc-gswNZR kCsqcO"
        onClick={[Function]}
        onKeyDown={[Function]}
        tabIndex={0}
      >
        12
         inch
      </li>
      <li
        aria-current={false}
        className="sc-gswNZR kCsqcO"
        onClick={[Function]}
        onKeyDown={[Function]}
        tabIndex={0}
      >
        14
         inch
      </li>
      <li
        aria-current={false}
        className="sc-gswNZR kCsqcO"
        onClick={[Function]}
        onKeyDown={[Function]}
        tabIndex={0}
      >
        16
         inch
      </li>
    </ul>,
  ],
  "props": Object {
    "className": "sc-bcXHqe fWeZKg",
  },
  "type": "section",
}
`;
