// Jest Snapshot v1, https://goo.gl/fbAQLP

exports[`SuccessModal Tests renders the SuccessModal UI component 1`] = `
Object {
  "0": <div
    className="sc-jIRcFI hPpEmG"
    onClick={[Function]}
  />,
  "1": <article
    className="sc-hhOBVt dbVGdO"
  >
    <h3
      className="sc-gYbzsP ja-djPX"
    >
      Thank you for your order!
    </h3>
    <h4
      className="sc-cCjUiG kvdPPg"
    >
      Our operator will give you a call in a few minutes
    </h4>
    <button
      className="sc-bcXHqe sc-gswNZR sc-cjibBx glVyWT bMYeao dgnwbB"
      onClick={[Function]}
    >
      Close
    </button>
  </article>,
}
`;
