// Jest Snapshot v1, https://goo.gl/fbAQLP

exports[`NotFound tests should render the NotFound page 1`] = `
Object {
  "children": Array [
    <h2
      className="sc-fHSyak jDAMMK"
    >
      Oops! This page doesn't exist
    </h2>,
    <p
      className="sc-fEXmlR cWjHBR"
    >
      We couldn't find the page you were looking for. Please check the URL or navigate back to the homepage.
    </p>,
    <a
      className="sc-bcXHqe sc-dkrFOg glVyWT kuatBS"
      href="/"
      onClick={[Function]}
    >
      Return Home
    </a>,
  ],
  "props": Object {
    "className": "sc-evzXkX dQDNGF",
  },
  "type": "article",
}
`;
