// Jest Snapshot v1, https://goo.gl/fbAQLP

exports[`NotFound Tests renders the NotFound page 1`] = `
Object {
  "children": Array [
    <h2
      className="sc-hLBbgP loTNhK"
    >
      The page wasn't found
    </h2>,
    <p
      className="sc-gswNZR cyBoAG"
    >
      Make sure you wrote the correct URL
    </p>,
    <a
      className="sc-eDvSVe sc-jSUZER bXEiPO bZxA-DA"
      href="/"
      onClick={[Function]}
    >
      <span>
        Go Back
      </span>
    </a>,
  ],
  "props": Object {
    "className": "sc-dkrFOg kKJLCw",
  },
  "type": "article",
}
`;
