// Jest Snapshot v1, https://goo.gl/fbAQLP

exports[`ErrorRequest Tests renders the ErrorRequest UI component 1`] = `
Object {
  "children": Array [
    <h2
      className="sc-eDvSVe cOYpcr"
    >
      Error: failed to get data from the server
    </h2>,
    <p
      className="sc-gswNZR cyBoAG"
    >
      We are already working on that. Try again later
    </p>,
  ],
  "props": Object {
    "className": "sc-bcXHqe sc-hLBbgP bZXhLi EkplZ",
    "data-testid": "itemPage",
  },
  "type": "article",
}
`;
