// Jest Snapshot v1, https://goo.gl/fbAQLP

exports[`ButtonLink tests should render the ButtonLink UI component 1`] = `
Object {
  "children": Array [
    "Go Back",
  ],
  "props": Object {
    "className": "sc-bcXHqe sc-dkrFOg glVyWT kuatBS",
    "href": "/",
    "onClick": [Function],
    "target": undefined,
  },
  "type": "a",
}
`;
