// Jest Snapshot v1, https://goo.gl/fbAQLP

exports[`ButtonBackToHome Tests renders the ButtonBackToHome UI component 1`] = `
Object {
  "children": Array [
    "Go Back",
  ],
  "props": Object {
    "className": "sc-hLBbgP sc-eDvSVe fGqcTx lhIsum",
    "href": "/",
    "onClick": [Function],
    "target": undefined,
  },
  "type": "a",
}
`;
